2020/04/24 19:07:44 ログのメッセージ
